2018-04-23 23:51:57,102 - supply_address - INFO:started
2018-04-23 23:51:57,645 - supply_address - INFO:finished
2018-04-23 23:52:45,348 - supply_address - INFO:started
2018-04-23 23:52:45,995 - supply_address - INFO:finished
2018-04-23 23:52:53,586 - supply_address - INFO:started
2018-04-23 23:52:54,241 - supply_address - INFO:finished
2018-04-23 23:53:25,513 - supply_address - INFO:started
2018-04-23 23:53:25,514 - supply_address - INFO:finished
2018-04-23 23:53:29,445 - supply_address - INFO:started
2018-04-23 23:53:29,445 - supply_address - INFO:finished
2018-04-23 23:53:55,481 - supply_address - INFO:started
2018-04-23 23:53:59,596 - supply_address - INFO:started
2018-04-23 23:55:06,919 - supply_address - INFO:started
2018-04-23 23:55:35,324 - supply_address - INFO:started
2018-04-23 23:55:46,700 - supply_address - INFO:started
2018-04-23 23:55:47,411 - supply_address - INFO:finished
2018-04-23 23:56:22,307 - supply_address - INFO:started
2018-04-23 23:56:22,955 - supply_address - INFO:finished
2018-04-23 23:56:53,284 - supply_address - INFO:started
2018-04-23 23:56:53,931 - supply_address - INFO:finished
2018-04-23 23:57:54,942 - supply_address - INFO:started
2018-04-23 23:57:55,627 - supply_address - INFO:finished
2018-04-23 23:58:08,331 - supply_address - INFO:started
2018-04-23 23:58:08,956 - supply_address - INFO:finished
2018-04-23 23:58:21,293 - supply_address - INFO:started
2018-04-23 23:58:22,001 - supply_address - INFO:finished
2018-04-23 23:58:44,873 - supply_address - INFO:started
2018-04-23 23:58:45,547 - supply_address - INFO:finished
2018-04-23 23:58:56,451 - supply_address - INFO:started
2018-04-23 23:58:57,138 - supply_address - INFO:finished
2018-04-23 23:59:08,466 - supply_address - INFO:started
2018-04-23 23:59:09,177 - supply_address - INFO:finished
2018-04-23 23:59:23,450 - supply_address - INFO:started
2018-04-23 23:59:28,920 - supply_address - INFO:process_0 finish.
2018-04-23 23:59:28,970 - supply_address - INFO:process_1 finish.
2018-04-23 23:59:28,997 - supply_address - INFO:process_2 finish.
2018-04-23 23:59:29,045 - supply_address - INFO:process_3 finish.
2018-04-23 23:59:29,129 - supply_address - INFO:finished
2018-04-23 23:59:54,919 - supply_address - INFO:started
2018-04-24 00:00:45,443 - supply_address - INFO:process_0 finish.
2018-04-24 00:00:45,458 - supply_address - INFO:process_1 finish.
2018-04-24 00:00:45,460 - supply_address - INFO:process_2 finish.
2018-04-24 00:00:45,542 - supply_address - INFO:process_3 finish.
2018-04-24 00:00:45,642 - supply_address - INFO:finished
2018-04-24 09:22:10,270 - supply_address - INFO:started
2018-04-24 09:23:01,046 - supply_address - INFO:process_0 finish.
2018-04-24 09:23:01,139 - supply_address - INFO:process_1 finish.
2018-04-24 09:23:01,272 - supply_address - INFO:process_2 finish.
2018-04-24 09:23:01,308 - supply_address - INFO:process_3 finish.
2018-04-24 09:23:01,389 - supply_address - INFO:finished
2018-04-24 22:13:15,511 - supply_address - INFO:started
2018-04-24 22:14:06,178 - supply_address - INFO:process_1 finish.
2018-04-24 22:14:06,187 - supply_address - INFO:process_2 finish.
2018-04-24 22:14:06,188 - supply_address - INFO:process_3 finish.
2018-04-24 22:14:06,352 - supply_address - INFO:finished
2018-04-24 22:14:19,661 - supply_address - INFO:started
2018-04-24 22:15:10,359 - supply_address - INFO:process_1 finish.
2018-04-24 22:15:10,376 - supply_address - INFO:process_2 finish.
2018-04-24 22:15:10,445 - supply_address - INFO:process_3 finish.
2018-04-24 22:15:11,297 - supply_address - INFO:process_0 finish.
2018-04-24 22:15:11,488 - supply_address - INFO:finished
2018-04-24 22:15:34,168 - supply_address - INFO:started
2018-04-24 22:16:24,793 - supply_address - INFO:process_1 finish.
2018-04-24 22:16:24,845 - supply_address - INFO:process_2 finish.
2018-04-24 22:16:24,847 - supply_address - INFO:process_3 finish.
2018-04-24 22:16:28,772 - supply_address - INFO:process_0 finish.
2018-04-24 22:16:28,915 - supply_address - INFO:finished
2018-04-24 22:22:08,077 - supply_address - INFO:started
2018-04-24 22:22:58,758 - supply_address - INFO:process_1 finish.
2018-04-24 22:22:58,803 - supply_address - INFO:process_2 finish.
2018-04-24 22:22:58,812 - supply_address - INFO:process_3 finish.
2018-04-24 22:22:59,928 - supply_address - INFO:process_0 finish.
2018-04-24 22:23:00,033 - supply_address - INFO:merge 4 cache finish
2018-04-24 22:23:00,034 - supply_address - INFO:finished
2018-04-24 22:28:54,640 - supply_address - INFO:started
2018-04-24 22:29:45,368 - supply_address - INFO:process_1 finish.
2018-04-24 22:29:45,412 - supply_address - INFO:process_2 finish.
2018-04-24 22:29:45,561 - supply_address - INFO:process_3 finish.
2018-04-24 22:29:46,417 - supply_address - INFO:process_0 finish.
2018-04-24 22:29:46,589 - supply_address - INFO:merge 4 cache finish
2018-04-24 22:29:46,589 - supply_address - INFO:finished
2018-04-24 22:31:28,002 - supply_address - INFO:started
2018-04-24 22:32:18,652 - supply_address - INFO:process_1 finish.
2018-04-24 22:32:18,652 - supply_address - INFO:process_2 finish.
2018-04-24 22:32:18,750 - supply_address - INFO:process_3 finish.
2018-04-24 22:32:19,496 - supply_address - INFO:process_0 finish.
2018-04-24 22:32:19,614 - supply_address - INFO:merge 4 cache finish
2018-04-24 22:32:19,614 - supply_address - INFO:finished
2018-04-24 22:33:18,786 - supply_address - INFO:started
2018-04-24 22:34:09,464 - supply_address - INFO:process_1 finish.
2018-04-24 22:34:09,465 - supply_address - INFO:process_0 finish.
2018-04-24 22:34:09,509 - supply_address - INFO:process_3 finish.
2018-04-24 22:34:16,607 - supply_address - INFO:process_2 finish.
2018-04-24 22:34:16,693 - supply_address - INFO:merge 4 cache finish
2018-04-24 22:34:16,693 - supply_address - INFO:finished
2018-04-24 22:35:32,683 - supply_address - INFO:started
2018-04-24 22:36:23,356 - supply_address - INFO:process_1 finish.
2018-04-24 22:36:23,359 - supply_address - INFO:process_2 finish.
2018-04-24 22:36:23,368 - supply_address - INFO:process_3 finish.
2018-04-24 22:36:30,433 - supply_address - INFO:process_0 finish.
2018-04-24 22:36:30,681 - supply_address - INFO:merge 4 cache finish
2018-04-24 22:36:30,681 - supply_address - INFO:finished
2018-04-24 22:38:00,942 - supply_address - INFO:started
2018-04-24 22:38:07,011 - supply_address - INFO:process_1 finish.
2018-04-24 22:38:07,031 - supply_address - INFO:process_3 finish.
2018-04-24 22:38:07,044 - supply_address - INFO:process_2 finish.
2018-04-24 22:38:14,059 - supply_address - INFO:process_0 finish.
2018-04-24 22:38:14,146 - supply_address - INFO:merge 4 cache finish
2018-04-24 22:38:14,150 - supply_address - INFO:finished
2018-04-24 22:44:40,680 - supply_address - INFO:started
2018-04-24 22:44:46,436 - supply_address - INFO:process_1 finish.
2018-04-24 22:44:46,456 - supply_address - INFO:process_2 finish.
2018-04-24 22:44:46,514 - supply_address - INFO:process_3 finish.
2018-04-24 22:44:54,628 - supply_address - INFO:process_0 finish.
2018-04-24 22:44:54,749 - supply_address - INFO:merge 4 cache finish
2018-04-24 22:44:54,754 - supply_address - INFO:finished
2018-04-24 22:47:02,397 - supply_address - INFO:started
2018-04-24 22:47:08,079 - supply_address - INFO:process_1 finish.
2018-04-24 22:47:08,104 - supply_address - INFO:process_2 finish.
2018-04-24 22:47:08,199 - supply_address - INFO:process_3 finish.
2018-04-24 22:47:15,806 - supply_address - INFO:process_0 finish.
2018-04-24 22:47:15,946 - supply_address - INFO:merge 4 cache finish
2018-04-24 22:47:15,949 - supply_address - INFO:finished
2018-04-24 22:48:12,854 - supply_address - INFO:started
2018-04-24 22:48:18,479 - supply_address - INFO:process_1 finish.
2018-04-24 22:48:18,521 - supply_address - INFO:process_2 finish.
2018-04-24 22:48:18,589 - supply_address - INFO:process_3 finish.
2018-04-24 22:49:22,858 - supply_address - INFO:started
2018-04-24 22:50:26,148 - supply_address - INFO:started
2018-04-24 22:50:31,745 - supply_address - INFO:process_0 finish.
2018-04-24 22:50:31,779 - supply_address - INFO:process_1 finish.
2018-04-24 22:50:31,894 - supply_address - INFO:process_2 finish.
2018-04-24 22:50:31,946 - supply_address - INFO:process_3 finish.
2018-04-24 22:51:35,703 - supply_address - INFO:started
2018-04-24 22:51:41,302 - supply_address - INFO:process_0 finish.
2018-04-24 22:51:41,335 - supply_address - INFO:process_1 finish.
2018-04-24 22:51:41,383 - supply_address - INFO:process_2 finish.
2018-04-24 22:51:41,393 - supply_address - INFO:process_3 finish.
2018-04-24 22:51:41,538 - supply_address - INFO:merge 4 cache finish
2018-04-24 22:51:41,541 - supply_address - INFO:finished
2018-04-24 22:52:10,281 - supply_address - INFO:started
2018-04-24 22:53:00,859 - supply_address - INFO:process_0 finish.
2018-04-24 22:53:00,878 - supply_address - INFO:process_1 finish.
2018-04-24 22:53:00,995 - supply_address - INFO:process_2 finish.
2018-04-24 22:53:00,997 - supply_address - INFO:process_3 finish.
2018-04-24 22:53:01,165 - supply_address - INFO:merge 4 cache finish
2018-04-24 22:53:01,168 - supply_address - INFO:finished
2018-04-24 22:53:15,943 - supply_address - INFO:started
2018-04-24 22:54:09,963 - supply_address - INFO:started
2018-04-24 22:55:43,600 - supply_address - INFO:started
2018-04-24 22:55:44,433 - supply_address - INFO:merge 0 cache finish
2018-04-24 22:55:44,434 - supply_address - INFO:finished
2018-04-24 22:56:05,481 - supply_address - INFO:started
2018-04-24 22:56:06,335 - supply_address - INFO:merge 0 cache finish
2018-04-24 22:56:06,336 - supply_address - INFO:finished
2018-04-24 22:57:02,662 - supply_address - INFO:started
2018-04-24 22:57:03,486 - supply_address - INFO:merge 0 cache finish
2018-04-24 22:57:03,487 - supply_address - INFO:finished
2018-04-24 22:57:48,636 - supply_address - INFO:started
2018-04-24 22:57:49,534 - supply_address - INFO:merge 0 cache finish
2018-04-24 22:57:49,535 - supply_address - INFO:finished
2018-04-24 22:58:10,048 - supply_address - INFO:started
2018-04-24 22:58:11,995 - supply_address - INFO:merge 0 cache finish
2018-04-24 22:58:11,995 - supply_address - INFO:finished
2018-04-24 23:01:21,191 - supply_address - INFO:started
2018-04-24 23:01:22,877 - supply_address - INFO:merge 0 cache finish
2018-04-24 23:01:22,878 - supply_address - INFO:finished
2018-04-24 23:03:41,426 - supply_address - INFO:started
2018-04-24 23:04:11,992 - supply_address - INFO:started
2018-04-24 23:04:41,632 - supply_address - WARNING:[ERROR] Traceback (most recent call last):
  File "E:\Code\Env\py3\lib\site-packages\requests\packages\urllib3\connection.py", line 141, in _new_conn
    (self.host, self.port), self.timeout, **extra_kw)
  File "E:\Code\Env\py3\lib\site-packages\requests\packages\urllib3\util\connection.py", line 83, in create_connection
    raise err
  File "E:\Code\Env\py3\lib\site-packages\requests\packages\urllib3\util\connection.py", line 73, in create_connection
    sock.connect(sa)
  File "E:\Code\Env\py3\lib\site-packages\gevent\_socket3.py", line 300, in connect
    raise error(err, strerror(err))
TimeoutError: [Errno 10060] [WinError 10060] 由于连接方在一段时间后没有正确答复或连接的主机没有反应，连接尝试失败。

During handling of the above exception, another exception occurred:

Traceback (most recent call last):
  File "E:\Code\Env\py3\lib\site-packages\requests\packages\urllib3\connectionpool.py", line 600, in urlopen
    chunked=chunked)
  File "E:\Code\Env\py3\lib\site-packages\requests\packages\urllib3\connectionpool.py", line 356, in _make_request
    conn.request(method, url, **httplib_request_kw)
  File "D:\bin\Python36\Lib\http\client.py", line 1239, in request
    self._send_request(method, url, body, headers, encode_chunked)
  File "D:\bin\Python36\Lib\http\client.py", line 1285, in _send_request
    self.endheaders(body, encode_chunked=encode_chunked)
  File "D:\bin\Python36\Lib\http\client.py", line 1234, in endheaders
    self._send_output(message_body, encode_chunked=encode_chunked)
  File "D:\bin\Python36\Lib\http\client.py", line 1026, in _send_output
    self.send(msg)
  File "D:\bin\Python36\Lib\http\client.py", line 964, in send
    self.connect()
  File "E:\Code\Env\py3\lib\site-packages\requests\packages\urllib3\connection.py", line 166, in connect
    conn = self._new_conn()
  File "E:\Code\Env\py3\lib\site-packages\requests\packages\urllib3\connection.py", line 150, in _new_conn
    self, "Failed to establish a new connection: %s" % e)
requests.packages.urllib3.exceptions.NewConnectionError: <requests.packages.urllib3.connection.HTTPConnection object at 0x00000000038239E8>: Failed to establish a new connection: [Errno 10060] [WinError 10060] 由于连接方在一段时间后没有正确答复或连接的主机没有反应，连接尝试失败。

During handling of the above exception, another exception occurred:

Traceback (most recent call last):
  File "E:\Code\Env\py3\lib\site-packages\requests\adapters.py", line 423, in send
    timeout=timeout
  File "E:\Code\Env\py3\lib\site-packages\requests\packages\urllib3\connectionpool.py", line 649, in urlopen
    _stacktrace=sys.exc_info()[2])
  File "E:\Code\Env\py3\lib\site-packages\requests\packages\urllib3\util\retry.py", line 376, in increment
    raise MaxRetryError(_pool, url, error or ResponseError(cause))
requests.packages.urllib3.exceptions.MaxRetryError: HTTPConnectionPool(host='restapi.amap.com', port=80): Max retries exceeded with url: /v3/geocode/geo?key=a020b90a92f191411536da2359f44d4b&address=%E5%AE%89%E5%BE%BD%E7%9C%81%E5%90%88%E8%82%A5%E5%B8%82%E9%AB%98%E6%96%B0%E5%8C%BA%E5%A4%A9%E8%BE%BE%E8%B7%AF71%E5%8F%B7%E5%8D%8E%E4%BA%BF%E7%A7%91%E6%8A%80%E5%9B%ADB2-3%E6%A5%BC&batch=true (Caused by NewConnectionError('<requests.packages.urllib3.connection.HTTPConnection object at 0x00000000038239E8>: Failed to establish a new connection: [Errno 10060] [WinError 10060] 由于连接方在一段时间后没有正确答复或连接的主机没有反应，连接尝试失败。',))

During handling of the above exception, another exception occurred:

Traceback (most recent call last):
  File "E:\Code\Drogon\scripts\suplly_address.py", line 27, in exception_handler
    raise exception
  File "E:\Code\Env\py3\lib\site-packages\grequests.py", line 72, in send
    self.url, **merged_kwargs)
  File "E:\Code\Env\py3\lib\site-packages\requests\sessions.py", line 488, in request
    resp = self.send(prep, **send_kwargs)
  File "E:\Code\Env\py3\lib\site-packages\requests\sessions.py", line 609, in send
    r = adapter.send(request, **kwargs)
  File "E:\Code\Env\py3\lib\site-packages\requests\adapters.py", line 487, in send
    raise ConnectionError(e, request=request)
requests.exceptions.ConnectionError: HTTPConnectionPool(host='restapi.amap.com', port=80): Max retries exceeded with url: /v3/geocode/geo?key=a020b90a92f191411536da2359f44d4b&address=%E5%AE%89%E5%BE%BD%E7%9C%81%E5%90%88%E8%82%A5%E5%B8%82%E9%AB%98%E6%96%B0%E5%8C%BA%E5%A4%A9%E8%BE%BE%E8%B7%AF71%E5%8F%B7%E5%8D%8E%E4%BA%BF%E7%A7%91%E6%8A%80%E5%9B%ADB2-3%E6%A5%BC&batch=true (Caused by NewConnectionError('<requests.packages.urllib3.connection.HTTPConnection object at 0x00000000038239E8>: Failed to establish a new connection: [Errno 10060] [WinError 10060] 由于连接方在一段时间后没有正确答复或连接的主机没有反应，连接尝试失败。',))

2018-04-24 23:04:41,636 - supply_address - WARNING:[ERROR] Traceback (most recent call last):
  File "E:\Code\Env\py3\lib\site-packages\requests\packages\urllib3\connection.py", line 141, in _new_conn
    (self.host, self.port), self.timeout, **extra_kw)
  File "E:\Code\Env\py3\lib\site-packages\requests\packages\urllib3\util\connection.py", line 83, in create_connection
    raise err
  File "E:\Code\Env\py3\lib\site-packages\requests\packages\urllib3\util\connection.py", line 73, in create_connection
    sock.connect(sa)
  File "E:\Code\Env\py3\lib\site-packages\gevent\_socket3.py", line 300, in connect
    raise error(err, strerror(err))
TimeoutError: [Errno 10060] [WinError 10060] 由于连接方在一段时间后没有正确答复或连接的主机没有反应，连接尝试失败。

During handling of the above exception, another exception occurred:

Traceback (most recent call last):
  File "E:\Code\Env\py3\lib\site-packages\requests\packages\urllib3\connectionpool.py", line 600, in urlopen
    chunked=chunked)
  File "E:\Code\Env\py3\lib\site-packages\requests\packages\urllib3\connectionpool.py", line 356, in _make_request
    conn.request(method, url, **httplib_request_kw)
  File "D:\bin\Python36\Lib\http\client.py", line 1239, in request
    self._send_request(method, url, body, headers, encode_chunked)
  File "D:\bin\Python36\Lib\http\client.py", line 1285, in _send_request
    self.endheaders(body, encode_chunked=encode_chunked)
  File "D:\bin\Python36\Lib\http\client.py", line 1234, in endheaders
    self._send_output(message_body, encode_chunked=encode_chunked)
  File "D:\bin\Python36\Lib\http\client.py", line 1026, in _send_output
    self.send(msg)
  File "D:\bin\Python36\Lib\http\client.py", line 964, in send
    self.connect()
  File "E:\Code\Env\py3\lib\site-packages\requests\packages\urllib3\connection.py", line 166, in connect
    conn = self._new_conn()
  File "E:\Code\Env\py3\lib\site-packages\requests\packages\urllib3\connection.py", line 150, in _new_conn
    self, "Failed to establish a new connection: %s" % e)
requests.packages.urllib3.exceptions.NewConnectionError: <requests.packages.urllib3.connection.HTTPConnection object at 0x00000000037ED668>: Failed to establish a new connection: [Errno 10060] [WinError 10060] 由于连接方在一段时间后没有正确答复或连接的主机没有反应，连接尝试失败。

During handling of the above exception, another exception occurred:

Traceback (most recent call last):
  File "E:\Code\Env\py3\lib\site-packages\requests\adapters.py", line 423, in send
    timeout=timeout
  File "E:\Code\Env\py3\lib\site-packages\requests\packages\urllib3\connectionpool.py", line 649, in urlopen
    _stacktrace=sys.exc_info()[2])
  File "E:\Code\Env\py3\lib\site-packages\requests\packages\urllib3\util\retry.py", line 376, in increment
    raise MaxRetryError(_pool, url, error or ResponseError(cause))
requests.packages.urllib3.exceptions.MaxRetryError: HTTPConnectionPool(host='restapi.amap.com', port=80): Max retries exceeded with url: /v3/geocode/geo?key=a020b90a92f191411536da2359f44d4b&address=%E8%BD%AF%E4%BB%B6%E5%A4%A7%E9%81%9350%E5%8F%B7&batch=true (Caused by NewConnectionError('<requests.packages.urllib3.connection.HTTPConnection object at 0x00000000037ED668>: Failed to establish a new connection: [Errno 10060] [WinError 10060] 由于连接方在一段时间后没有正确答复或连接的主机没有反应，连接尝试失败。',))

During handling of the above exception, another exception occurred:

Traceback (most recent call last):
  File "E:\Code\Drogon\scripts\suplly_address.py", line 27, in exception_handler
    raise exception
  File "E:\Code\Env\py3\lib\site-packages\grequests.py", line 72, in send
    self.url, **merged_kwargs)
  File "E:\Code\Env\py3\lib\site-packages\requests\sessions.py", line 488, in request
    resp = self.send(prep, **send_kwargs)
  File "E:\Code\Env\py3\lib\site-packages\requests\sessions.py", line 609, in send
    r = adapter.send(request, **kwargs)
  File "E:\Code\Env\py3\lib\site-packages\requests\adapters.py", line 487, in send
    raise ConnectionError(e, request=request)
requests.exceptions.ConnectionError: HTTPConnectionPool(host='restapi.amap.com', port=80): Max retries exceeded with url: /v3/geocode/geo?key=a020b90a92f191411536da2359f44d4b&address=%E8%BD%AF%E4%BB%B6%E5%A4%A7%E9%81%9350%E5%8F%B7&batch=true (Caused by NewConnectionError('<requests.packages.urllib3.connection.HTTPConnection object at 0x00000000037ED668>: Failed to establish a new connection: [Errno 10060] [WinError 10060] 由于连接方在一段时间后没有正确答复或连接的主机没有反应，连接尝试失败。',))

2018-04-24 23:04:50,941 - supply_address - WARNING:[ERROR] Traceback (most recent call last):
  File "E:\Code\Env\py3\lib\site-packages\requests\packages\urllib3\connection.py", line 141, in _new_conn
    (self.host, self.port), self.timeout, **extra_kw)
  File "E:\Code\Env\py3\lib\site-packages\requests\packages\urllib3\util\connection.py", line 83, in create_connection
    raise err
  File "E:\Code\Env\py3\lib\site-packages\requests\packages\urllib3\util\connection.py", line 73, in create_connection
    sock.connect(sa)
  File "E:\Code\Env\py3\lib\site-packages\gevent\_socket3.py", line 300, in connect
    raise error(err, strerror(err))
TimeoutError: [Errno 10060] [WinError 10060] 由于连接方在一段时间后没有正确答复或连接的主机没有反应，连接尝试失败。

During handling of the above exception, another exception occurred:

Traceback (most recent call last):
  File "E:\Code\Env\py3\lib\site-packages\requests\packages\urllib3\connectionpool.py", line 600, in urlopen
    chunked=chunked)
  File "E:\Code\Env\py3\lib\site-packages\requests\packages\urllib3\connectionpool.py", line 356, in _make_request
    conn.request(method, url, **httplib_request_kw)
  File "D:\bin\Python36\Lib\http\client.py", line 1239, in request
    self._send_request(method, url, body, headers, encode_chunked)
  File "D:\bin\Python36\Lib\http\client.py", line 1285, in _send_request
    self.endheaders(body, encode_chunked=encode_chunked)
  File "D:\bin\Python36\Lib\http\client.py", line 1234, in endheaders
    self._send_output(message_body, encode_chunked=encode_chunked)
  File "D:\bin\Python36\Lib\http\client.py", line 1026, in _send_output
    self.send(msg)
  File "D:\bin\Python36\Lib\http\client.py", line 964, in send
    self.connect()
  File "E:\Code\Env\py3\lib\site-packages\requests\packages\urllib3\connection.py", line 166, in connect
    conn = self._new_conn()
  File "E:\Code\Env\py3\lib\site-packages\requests\packages\urllib3\connection.py", line 150, in _new_conn
    self, "Failed to establish a new connection: %s" % e)
requests.packages.urllib3.exceptions.NewConnectionError: <requests.packages.urllib3.connection.HTTPConnection object at 0x0000000003762860>: Failed to establish a new connection: [Errno 10060] [WinError 10060] 由于连接方在一段时间后没有正确答复或连接的主机没有反应，连接尝试失败。

During handling of the above exception, another exception occurred:

Traceback (most recent call last):
  File "E:\Code\Env\py3\lib\site-packages\requests\adapters.py", line 423, in send
    timeout=timeout
  File "E:\Code\Env\py3\lib\site-packages\requests\packages\urllib3\connectionpool.py", line 649, in urlopen
    _stacktrace=sys.exc_info()[2])
  File "E:\Code\Env\py3\lib\site-packages\requests\packages\urllib3\util\retry.py", line 376, in increment
    raise MaxRetryError(_pool, url, error or ResponseError(cause))
requests.packages.urllib3.exceptions.MaxRetryError: HTTPConnectionPool(host='restapi.amap.com', port=80): Max retries exceeded with url: /v3/geocode/geo?key=a020b90a92f191411536da2359f44d4b&address=%E6%B7%B1%E5%9C%B3%E5%B8%82%E5%8D%97%E5%B1%B1%E5%8C%BA%E7%A7%91%E6%8A%80%E5%8D%97%E8%B7%AF&batch=true (Caused by NewConnectionError('<requests.packages.urllib3.connection.HTTPConnection object at 0x0000000003762860>: Failed to establish a new connection: [Errno 10060] [WinError 10060] 由于连接方在一段时间后没有正确答复或连接的主机没有反应，连接尝试失败。',))

During handling of the above exception, another exception occurred:

Traceback (most recent call last):
  File "E:\Code\Drogon\scripts\suplly_address.py", line 27, in exception_handler
    raise exception
  File "E:\Code\Env\py3\lib\site-packages\grequests.py", line 72, in send
    self.url, **merged_kwargs)
  File "E:\Code\Env\py3\lib\site-packages\requests\sessions.py", line 488, in request
    resp = self.send(prep, **send_kwargs)
  File "E:\Code\Env\py3\lib\site-packages\requests\sessions.py", line 609, in send
    r = adapter.send(request, **kwargs)
  File "E:\Code\Env\py3\lib\site-packages\requests\adapters.py", line 487, in send
    raise ConnectionError(e, request=request)
requests.exceptions.ConnectionError: HTTPConnectionPool(host='restapi.amap.com', port=80): Max retries exceeded with url: /v3/geocode/geo?key=a020b90a92f191411536da2359f44d4b&address=%E6%B7%B1%E5%9C%B3%E5%B8%82%E5%8D%97%E5%B1%B1%E5%8C%BA%E7%A7%91%E6%8A%80%E5%8D%97%E8%B7%AF&batch=true (Caused by NewConnectionError('<requests.packages.urllib3.connection.HTTPConnection object at 0x0000000003762860>: Failed to establish a new connection: [Errno 10060] [WinError 10060] 由于连接方在一段时间后没有正确答复或连接的主机没有反应，连接尝试失败。',))

2018-04-24 23:05:02,703 - supply_address - WARNING:[ERROR] Traceback (most recent call last):
  File "E:\Code\Env\py3\lib\site-packages\requests\packages\urllib3\connection.py", line 141, in _new_conn
    (self.host, self.port), self.timeout, **extra_kw)
  File "E:\Code\Env\py3\lib\site-packages\requests\packages\urllib3\util\connection.py", line 83, in create_connection
    raise err
  File "E:\Code\Env\py3\lib\site-packages\requests\packages\urllib3\util\connection.py", line 73, in create_connection
    sock.connect(sa)
  File "E:\Code\Env\py3\lib\site-packages\gevent\_socket3.py", line 300, in connect
    raise error(err, strerror(err))
TimeoutError: [Errno 10060] [WinError 10060] 由于连接方在一段时间后没有正确答复或连接的主机没有反应，连接尝试失败。

During handling of the above exception, another exception occurred:

Traceback (most recent call last):
  File "E:\Code\Env\py3\lib\site-packages\requests\packages\urllib3\connectionpool.py", line 600, in urlopen
    chunked=chunked)
  File "E:\Code\Env\py3\lib\site-packages\requests\packages\urllib3\connectionpool.py", line 356, in _make_request
    conn.request(method, url, **httplib_request_kw)
  File "D:\bin\Python36\Lib\http\client.py", line 1239, in request
    self._send_request(method, url, body, headers, encode_chunked)
  File "D:\bin\Python36\Lib\http\client.py", line 1285, in _send_request
    self.endheaders(body, encode_chunked=encode_chunked)
  File "D:\bin\Python36\Lib\http\client.py", line 1234, in endheaders
    self._send_output(message_body, encode_chunked=encode_chunked)
  File "D:\bin\Python36\Lib\http\client.py", line 1026, in _send_output
    self.send(msg)
  File "D:\bin\Python36\Lib\http\client.py", line 964, in send
    self.connect()
  File "E:\Code\Env\py3\lib\site-packages\requests\packages\urllib3\connection.py", line 166, in connect
    conn = self._new_conn()
  File "E:\Code\Env\py3\lib\site-packages\requests\packages\urllib3\connection.py", line 150, in _new_conn
    self, "Failed to establish a new connection: %s" % e)
requests.packages.urllib3.exceptions.NewConnectionError: <requests.packages.urllib3.connection.HTTPConnection object at 0x0000000003C66828>: Failed to establish a new connection: [Errno 10060] [WinError 10060] 由于连接方在一段时间后没有正确答复或连接的主机没有反应，连接尝试失败。

During handling of the above exception, another exception occurred:

Traceback (most recent call last):
  File "E:\Code\Env\py3\lib\site-packages\requests\adapters.py", line 423, in send
    timeout=timeout
  File "E:\Code\Env\py3\lib\site-packages\requests\packages\urllib3\connectionpool.py", line 649, in urlopen
    _stacktrace=sys.exc_info()[2])
  File "E:\Code\Env\py3\lib\site-packages\requests\packages\urllib3\util\retry.py", line 376, in increment
    raise MaxRetryError(_pool, url, error or ResponseError(cause))
requests.packages.urllib3.exceptions.MaxRetryError: HTTPConnectionPool(host='restapi.amap.com', port=80): Max retries exceeded with url: /v3/geocode/geo?key=a020b90a92f191411536da2359f44d4b&address=%E5%B0%8F%E8%A1%8C%E8%B7%AF16%E5%8F%B71%E5%8F%B7%E6%A5%BC2%E5%B1%82&batch=true (Caused by NewConnectionError('<requests.packages.urllib3.connection.HTTPConnection object at 0x0000000003C66828>: Failed to establish a new connection: [Errno 10060] [WinError 10060] 由于连接方在一段时间后没有正确答复或连接的主机没有反应，连接尝试失败。',))

During handling of the above exception, another exception occurred:

Traceback (most recent call last):
  File "E:\Code\Drogon\scripts\suplly_address.py", line 27, in exception_handler
    raise exception
  File "E:\Code\Env\py3\lib\site-packages\grequests.py", line 72, in send
    self.url, **merged_kwargs)
  File "E:\Code\Env\py3\lib\site-packages\requests\sessions.py", line 488, in request
    resp = self.send(prep, **send_kwargs)
  File "E:\Code\Env\py3\lib\site-packages\requests\sessions.py", line 609, in send
    r = adapter.send(request, **kwargs)
  File "E:\Code\Env\py3\lib\site-packages\requests\adapters.py", line 487, in send
    raise ConnectionError(e, request=request)
requests.exceptions.ConnectionError: HTTPConnectionPool(host='restapi.amap.com', port=80): Max retries exceeded with url: /v3/geocode/geo?key=a020b90a92f191411536da2359f44d4b&address=%E5%B0%8F%E8%A1%8C%E8%B7%AF16%E5%8F%B71%E5%8F%B7%E6%A5%BC2%E5%B1%82&batch=true (Caused by NewConnectionError('<requests.packages.urllib3.connection.HTTPConnection object at 0x0000000003C66828>: Failed to establish a new connection: [Errno 10060] [WinError 10060] 由于连接方在一段时间后没有正确答复或连接的主机没有反应，连接尝试失败。',))

2018-04-24 23:05:37,958 - supply_address - INFO:started
2018-04-24 23:06:10,812 - supply_address - WARNING:[ERROR] Traceback (most recent call last):
  File "E:\Code\Env\py3\lib\site-packages\requests\packages\urllib3\connection.py", line 141, in _new_conn
    (self.host, self.port), self.timeout, **extra_kw)
  File "E:\Code\Env\py3\lib\site-packages\requests\packages\urllib3\util\connection.py", line 83, in create_connection
    raise err
  File "E:\Code\Env\py3\lib\site-packages\requests\packages\urllib3\util\connection.py", line 73, in create_connection
    sock.connect(sa)
  File "E:\Code\Env\py3\lib\site-packages\gevent\_socket3.py", line 300, in connect
    raise error(err, strerror(err))
TimeoutError: [Errno 10060] [WinError 10060] 由于连接方在一段时间后没有正确答复或连接的主机没有反应，连接尝试失败。

During handling of the above exception, another exception occurred:

Traceback (most recent call last):
  File "E:\Code\Env\py3\lib\site-packages\requests\packages\urllib3\connectionpool.py", line 600, in urlopen
    chunked=chunked)
  File "E:\Code\Env\py3\lib\site-packages\requests\packages\urllib3\connectionpool.py", line 356, in _make_request
    conn.request(method, url, **httplib_request_kw)
  File "D:\bin\Python36\Lib\http\client.py", line 1239, in request
    self._send_request(method, url, body, headers, encode_chunked)
  File "D:\bin\Python36\Lib\http\client.py", line 1285, in _send_request
    self.endheaders(body, encode_chunked=encode_chunked)
  File "D:\bin\Python36\Lib\http\client.py", line 1234, in endheaders
    self._send_output(message_body, encode_chunked=encode_chunked)
  File "D:\bin\Python36\Lib\http\client.py", line 1026, in _send_output
    self.send(msg)
  File "D:\bin\Python36\Lib\http\client.py", line 964, in send
    self.connect()
  File "E:\Code\Env\py3\lib\site-packages\requests\packages\urllib3\connection.py", line 166, in connect
    conn = self._new_conn()
  File "E:\Code\Env\py3\lib\site-packages\requests\packages\urllib3\connection.py", line 150, in _new_conn
    self, "Failed to establish a new connection: %s" % e)
requests.packages.urllib3.exceptions.NewConnectionError: <requests.packages.urllib3.connection.HTTPConnection object at 0x0000000002D2F7B8>: Failed to establish a new connection: [Errno 10060] [WinError 10060] 由于连接方在一段时间后没有正确答复或连接的主机没有反应，连接尝试失败。

During handling of the above exception, another exception occurred:

Traceback (most recent call last):
  File "E:\Code\Env\py3\lib\site-packages\requests\adapters.py", line 423, in send
    timeout=timeout
  File "E:\Code\Env\py3\lib\site-packages\requests\packages\urllib3\connectionpool.py", line 649, in urlopen
    _stacktrace=sys.exc_info()[2])
  File "E:\Code\Env\py3\lib\site-packages\requests\packages\urllib3\util\retry.py", line 376, in increment
    raise MaxRetryError(_pool, url, error or ResponseError(cause))
requests.packages.urllib3.exceptions.MaxRetryError: HTTPConnectionPool(host='restapi.amap.com', port=80): Max retries exceeded with url: /v3/geocode/geo?key=a020b90a92f191411536da2359f44d4b&address=%E6%88%90%E9%83%BD%E5%B8%82%E9%AB%98%E6%96%B0%E5%8C%BA%E4%BA%A4%E5%AD%90%E5%A4%A7%E9%81%93575%E5%8F%B7%E4%B8%AD%E6%B5%B7%E5%9B%BD%E9%99%85%E4%B8%AD%E5%BF%83J%E5%BA%A719F&batch=true (Caused by NewConnectionError('<requests.packages.urllib3.connection.HTTPConnection object at 0x0000000002D2F7B8>: Failed to establish a new connection: [Errno 10060] [WinError 10060] 由于连接方在一段时间后没有正确答复或连接的主机没有反应，连接尝试失败。',))

During handling of the above exception, another exception occurred:

Traceback (most recent call last):
  File "E:\Code\Drogon\scripts\suplly_address.py", line 27, in exception_handler
    raise exception
  File "E:\Code\Env\py3\lib\site-packages\grequests.py", line 72, in send
    self.url, **merged_kwargs)
  File "E:\Code\Env\py3\lib\site-packages\requests\sessions.py", line 488, in request
    resp = self.send(prep, **send_kwargs)
  File "E:\Code\Env\py3\lib\site-packages\requests\sessions.py", line 609, in send
    r = adapter.send(request, **kwargs)
  File "E:\Code\Env\py3\lib\site-packages\requests\adapters.py", line 487, in send
    raise ConnectionError(e, request=request)
requests.exceptions.ConnectionError: HTTPConnectionPool(host='restapi.amap.com', port=80): Max retries exceeded with url: /v3/geocode/geo?key=a020b90a92f191411536da2359f44d4b&address=%E6%88%90%E9%83%BD%E5%B8%82%E9%AB%98%E6%96%B0%E5%8C%BA%E4%BA%A4%E5%AD%90%E5%A4%A7%E9%81%93575%E5%8F%B7%E4%B8%AD%E6%B5%B7%E5%9B%BD%E9%99%85%E4%B8%AD%E5%BF%83J%E5%BA%A719F&batch=true (Caused by NewConnectionError('<requests.packages.urllib3.connection.HTTPConnection object at 0x0000000002D2F7B8>: Failed to establish a new connection: [Errno 10060] [WinError 10060] 由于连接方在一段时间后没有正确答复或连接的主机没有反应，连接尝试失败。',))

2018-04-24 23:06:24,402 - supply_address - WARNING:[ERROR] Traceback (most recent call last):
  File "E:\Code\Env\py3\lib\site-packages\requests\packages\urllib3\connection.py", line 141, in _new_conn
    (self.host, self.port), self.timeout, **extra_kw)
  File "E:\Code\Env\py3\lib\site-packages\requests\packages\urllib3\util\connection.py", line 83, in create_connection
    raise err
  File "E:\Code\Env\py3\lib\site-packages\requests\packages\urllib3\util\connection.py", line 73, in create_connection
    sock.connect(sa)
  File "E:\Code\Env\py3\lib\site-packages\gevent\_socket3.py", line 300, in connect
    raise error(err, strerror(err))
TimeoutError: [Errno 10060] [WinError 10060] 由于连接方在一段时间后没有正确答复或连接的主机没有反应，连接尝试失败。

During handling of the above exception, another exception occurred:

Traceback (most recent call last):
  File "E:\Code\Env\py3\lib\site-packages\requests\packages\urllib3\connectionpool.py", line 600, in urlopen
    chunked=chunked)
  File "E:\Code\Env\py3\lib\site-packages\requests\packages\urllib3\connectionpool.py", line 356, in _make_request
    conn.request(method, url, **httplib_request_kw)
  File "D:\bin\Python36\Lib\http\client.py", line 1239, in request
    self._send_request(method, url, body, headers, encode_chunked)
  File "D:\bin\Python36\Lib\http\client.py", line 1285, in _send_request
    self.endheaders(body, encode_chunked=encode_chunked)
  File "D:\bin\Python36\Lib\http\client.py", line 1234, in endheaders
    self._send_output(message_body, encode_chunked=encode_chunked)
  File "D:\bin\Python36\Lib\http\client.py", line 1026, in _send_output
    self.send(msg)
  File "D:\bin\Python36\Lib\http\client.py", line 964, in send
    self.connect()
  File "E:\Code\Env\py3\lib\site-packages\requests\packages\urllib3\connection.py", line 166, in connect
    conn = self._new_conn()
  File "E:\Code\Env\py3\lib\site-packages\requests\packages\urllib3\connection.py", line 150, in _new_conn
    self, "Failed to establish a new connection: %s" % e)
requests.packages.urllib3.exceptions.NewConnectionError: <requests.packages.urllib3.connection.HTTPConnection object at 0x00000000037CDF28>: Failed to establish a new connection: [Errno 10060] [WinError 10060] 由于连接方在一段时间后没有正确答复或连接的主机没有反应，连接尝试失败。

During handling of the above exception, another exception occurred:

Traceback (most recent call last):
  File "E:\Code\Env\py3\lib\site-packages\requests\adapters.py", line 423, in send
    timeout=timeout
  File "E:\Code\Env\py3\lib\site-packages\requests\packages\urllib3\connectionpool.py", line 649, in urlopen
    _stacktrace=sys.exc_info()[2])
  File "E:\Code\Env\py3\lib\site-packages\requests\packages\urllib3\util\retry.py", line 376, in increment
    raise MaxRetryError(_pool, url, error or ResponseError(cause))
requests.packages.urllib3.exceptions.MaxRetryError: HTTPConnectionPool(host='restapi.amap.com', port=80): Max retries exceeded with url: /v3/geocode/geo?key=a020b90a92f191411536da2359f44d4b&address=%E5%B9%BF%E4%B8%9C%E7%9C%81%E6%83%A0%E5%B7%9E%E4%BB%B2%E6%81%BA%E9%AB%98%E6%96%B0%E5%8C%BA%E5%92%8C%E7%95%85%E4%BA%94%E8%B7%AF%E8%A5%BF103%E5%8F%B7&batch=true (Caused by NewConnectionError('<requests.packages.urllib3.connection.HTTPConnection object at 0x00000000037CDF28>: Failed to establish a new connection: [Errno 10060] [WinError 10060] 由于连接方在一段时间后没有正确答复或连接的主机没有反应，连接尝试失败。',))

During handling of the above exception, another exception occurred:

Traceback (most recent call last):
  File "E:\Code\Drogon\scripts\suplly_address.py", line 27, in exception_handler
    raise exception
  File "E:\Code\Env\py3\lib\site-packages\grequests.py", line 72, in send
    self.url, **merged_kwargs)
  File "E:\Code\Env\py3\lib\site-packages\requests\sessions.py", line 488, in request
    resp = self.send(prep, **send_kwargs)
  File "E:\Code\Env\py3\lib\site-packages\requests\sessions.py", line 609, in send
    r = adapter.send(request, **kwargs)
  File "E:\Code\Env\py3\lib\site-packages\requests\adapters.py", line 487, in send
    raise ConnectionError(e, request=request)
requests.exceptions.ConnectionError: HTTPConnectionPool(host='restapi.amap.com', port=80): Max retries exceeded with url: /v3/geocode/geo?key=a020b90a92f191411536da2359f44d4b&address=%E5%B9%BF%E4%B8%9C%E7%9C%81%E6%83%A0%E5%B7%9E%E4%BB%B2%E6%81%BA%E9%AB%98%E6%96%B0%E5%8C%BA%E5%92%8C%E7%95%85%E4%BA%94%E8%B7%AF%E8%A5%BF103%E5%8F%B7&batch=true (Caused by NewConnectionError('<requests.packages.urllib3.connection.HTTPConnection object at 0x00000000037CDF28>: Failed to establish a new connection: [Errno 10060] [WinError 10060] 由于连接方在一段时间后没有正确答复或连接的主机没有反应，连接尝试失败。',))

2018-04-24 23:07:20,153 - supply_address - INFO:process_1 finish.
2018-04-24 23:07:20,213 - supply_address - INFO:process_0 finish.
2018-04-24 23:07:20,467 - supply_address - INFO:merge 2 cache finish
2018-04-24 23:07:20,468 - supply_address - INFO:finished
2018-04-25 23:24:36,714 - supply_address - INFO:started
2018-04-25 23:24:38,019 - supply_address - INFO:merge 0 cache finish
2018-04-25 23:24:38,019 - supply_address - INFO:finished
2018-04-25 23:24:54,966 - supply_address - INFO:started
